// Jest Snapshot v1, https://goo.gl/fbAQLP

exports[`GoogleMap container renders correctly 1`] = `undefined`;
