// Jest Snapshot v1, https://goo.gl/fbAQLP

exports[`sort container renders correctly 1`] = `ShallowWrapper {}`;
